---
source: crates/modula-extract/tests/spike.rs
expression: normalized(&graph)
---
{
  "edges": [
    {
      "from": "traits::Pair",
      "kind": "TraitBound",
      "to": "traits::Marker",
      "weight": 1
    },
    {
      "from": "traits::Token",
      "kind": "Impl",
      "to": "traits::Marker",
      "weight": 1
    },
    {
      "from": "traits::describe",
      "kind": "Signature",
      "to": "traits::Record",
      "weight": 1
    },
    {
      "from": "traits::helper",
      "kind": "Signature",
      "to": "traits::Record",
      "weight": 1
    },
    {
      "from": "traits::helper",
      "kind": "Body",
      "to": "traits::describe",
      "weight": 1
    },
    {
      "from": "traits::new",
      "kind": "Signature",
      "to": "traits::Pair",
      "weight": 1
    },
    {
      "from": "traits::new",
      "kind": "Body",
      "to": "traits::Pair",
      "weight": 1
    },
    {
      "from": "traits::provide",
      "kind": "Signature",
      "to": "traits::Marker",
      "weight": 1
    },
    {
      "from": "traits::provide",
      "kind": "Body",
      "to": "traits::Token",
      "weight": 1
    }
  ],
  "items": [
    {
      "kind": "Module",
      "owning_module": "traits",
      "path": "traits",
      "visibility": "Public"
    },
    {
      "kind": "Trait",
      "owning_module": "traits",
      "path": "traits::Marker",
      "visibility": "Public"
    },
    {
      "kind": "Struct",
      "owning_module": "traits",
      "path": "traits::Pair",
      "visibility": "Public"
    },
    {
      "kind": "Struct",
      "owning_module": "traits",
      "path": "traits::Record",
      "visibility": "Public"
    },
    {
      "kind": "Trait",
      "owning_module": "traits",
      "path": "traits::Store",
      "visibility": "Public"
    },
    {
      "kind": "Struct",
      "owning_module": "traits",
      "path": "traits::Token",
      "visibility": "Public"
    },
    {
      "kind": "Function",
      "owning_module": "traits",
      "path": "traits::describe",
      "visibility": "Public"
    },
    {
      "kind": "Function",
      "owning_module": "traits",
      "path": "traits::helper",
      "visibility": "Public"
    },
    {
      "kind": "Function",
      "owning_module": "traits",
      "path": "traits::new",
      "visibility": "Public"
    },
    {
      "kind": "Function",
      "owning_module": "traits",
      "path": "traits::provide",
      "visibility": "Public"
    }
  ],
  "modules": [
    {
      "depth": 0,
      "parent": null,
      "path": "traits",
      "visibility": "Public"
    }
  ]
}
