---
source: crates/modula-metrics/tests/analysis.rs
expression: to_human(&result)
---
Modularity report for crate `k`
  8 items, 3 modules (2 in the dependency graph)

Headline score: 0.758 / 1.000
  cohesion       : 0.930
  acyclicity     : 1.000
  encapsulation  : 0.000

Leakiest modules (cohesion | Ca | Ce | instability):
  k::a                         0.923 |  0 |  1 | 1.000
  k::b                         0.923 |  1 |  0 | 0.000

Tangle: none (module graph is a clean DAG)

Over-exposed items (8):
  k::item0                         Crate -> Private
  k::item1                         Crate -> Private
  k::item2                         Crate -> Private
  k::item3                         Crate -> Private
  k::item4                         Crate -> Super

Leaks (cross-module references into internals, 1 of 1 cross-module refs):
  k::item3 -> k::item4 (Crate)
